a:
- - 0
  - 3
- - 1
  - 4
- - 2
  - 5
b:
- - 0
  - 3
- - 1
  - 4
c:
- - 0
  - 3
- - 1
  - 4
- - 2
  - 5
