alice:
  labels:
    skin: yellow
    height: 100
    female: true
    family:
      father: John