person:
  labels:
    key: value
  data:
    key: value
