---
source: parser/src/tests/expr.rs
expression: "crate::tests::parsing_expr_string(r####\"func3(1,x=2)\"####)"
---
Node {
    node: Call(
        CallExpr {
            func: Node {
                node: Identifier(
                    Identifier {
                        names: [
                            Node {
                                node: "func3",
                                filename: "",
                                line: 1,
                                column: 0,
                                end_line: 1,
                                end_column: 5,
                            },
                        ],
                        pkgpath: "",
                        ctx: Load,
                    },
                ),
                filename: "",
                line: 1,
                column: 0,
                end_line: 1,
                end_column: 5,
            },
            args: [
                Node {
                    node: NumberLit(
                        NumberLit {
                            binary_suffix: None,
                            value: Int(
                                1,
                            ),
                        },
                    ),
                    filename: "",
                    line: 1,
                    column: 6,
                    end_line: 1,
                    end_column: 7,
                },
            ],
            keywords: [
                Node {
                    node: Keyword {
                        arg: Node {
                            node: Identifier {
                                names: [
                                    Node {
                                        node: "x",
                                        filename: "",
                                        line: 1,
                                        column: 8,
                                        end_line: 1,
                                        end_column: 9,
                                    },
                                ],
                                pkgpath: "",
                                ctx: Load,
                            },
                            filename: "",
                            line: 1,
                            column: 8,
                            end_line: 1,
                            end_column: 9,
                        },
                        value: Some(
                            Node {
                                node: NumberLit(
                                    NumberLit {
                                        binary_suffix: None,
                                        value: Int(
                                            2,
                                        ),
                                    },
                                ),
                                filename: "",
                                line: 1,
                                column: 10,
                                end_line: 1,
                                end_column: 11,
                            },
                        ),
                    },
                    filename: "",
                    line: 1,
                    column: 8,
                    end_line: 1,
                    end_column: 11,
                },
            ],
        },
    ),
    filename: "",
    line: 1,
    column: 0,
    end_line: 1,
    end_column: 12,
}

