data:
  k1:
  - '1'
  - '2'
  - '3'
  k2:
  - '4'
  - '5'
  - '6'
x0:
- 1
- 0
y0:
- 1
- 1
x1:
- 1
y1:
- 1
- 1
