apiVersion: networking.k8s.io/v1
kind: NetworkPolicy
metadata:
  creationTimestamp: null
  name: test-pod-network
  namespace: test-networkpolicy-8485776873410829123
spec:
  egress:
  - ports:
    - port: 443
      protocol: TCP
    to:
    - namespaceSelector:
        matchLabels:
          kubernetes.io/metadata.name: default
      podSelector: {}
  - ports:
    - port: 53
      protocol: UDP
    to:
    - namespaceSelector:
        matchLabels:
          kubernetes.io/metadata.name: kube-system
      podSelector:
        matchLabels:
          k8s-app: kube-dns
  podSelector: {}
  policyTypes:
  - Ingress
  - Egress
