config:
  main:
    name: main
    env:
    - name: ENV_1
      value: '1'
    - name: ENV_2
      value: '2'
