a: true
b: false
c: false
d: true
e: true
f: false
g: true
h: false
i: false
j: false
l: false
m: false
n: false