myPet:
  firstName: little
  lastName: cat
  name:
    name: name