data1:
- value1
data2:
- value2
data3:
- value3
data4:
- value4
