alice:
  name: Alice
  age: 18
name: Alice
age: 18
