base:
  key:
  - 1
  - 2
  - 3
person:
  key:
  - 4
  - 5
  - 6
