x0: true
x1: true
x2: true
x3: true
x4: true
x5: false
x6: false
x7: false
