a:
  key1: value1
  key2: value2
b:
  key1: value1
  key2: value2
c:
  key1: value1
  key2: value2
  key3: value3
