JohnDoe:
  firstName: John
  lastName: Doe
  nameUpper: JOHN
  school: cs
  schoolUpper: CS