config:
  spec:
    data:
    - 1
    - 2
    - 3
