person:
  firstName: Bob
  lastName: Doe
  fullName: Bob Doe
