alice:
  name: Alice
  age: 18
  hc:
  - 2
name: Alice
age: 18
hc:
- 2
