labels:
  key: value
config:
  spec:
    replicas: 2
    labels:
      key: value
